// Jest Snapshot v1, https://goo.gl/fbAQLP

exports[`<PackingResultsView/> renders and displays correctly 1`] = `
<code
  data-testid="request-json"
>
  {
  "label": "api-request"
}
</code>
`;

exports[`<PackingResultsView/> renders and displays correctly 2`] = `
<code
  data-testid="response-json"
>
  {
  "success": true,
  "packed": [
    {
      "width": 1,
      "length": 2,
      "height": 3,
      "description": "Box name"
    }
  ],
  "empty": [
    {
      "width": 4,
      "length": 5,
      "height": 6,
      "description": "Item name"
    }
  ],
  "leftOverItems": [
    {
      "width": 7,
      "length": 8,
      "height": 9
    }
  ]
}
</code>
`;
